// Vitest Snapshot v1, https://vitest.dev/guide/snapshot.html

exports[`Partners page > matches the snapshot 1`] = `
<div>
  <div
    class="prose"
  >
    <h1
      class="hero__title"
    >
      Partners
    </h1>
    <p>
      Coming Soon.
    </p>
  </div>
</div>
`;

exports[`Partners page matches the snapshot 1`] = `
<div>
  <div
    class="prose"
  >
    <h1
      class="hero__title"
    >
      Partners
    </h1>
    <p>
      Coming Soon.
    </p>
  </div>
</div>
`;
