// Jest Snapshot v1, https://jestjs.io/docs/snapshot-testing

exports[`Patents page matches the snapshot 1`] = `
<div>
  <div
    class="prose"
  >
    <h1
      class="hero__title"
    >
      Patents
    </h1>
    <p>
      Coming Soon.
    </p>
  </div>
</div>
`;
