// Jest Snapshot v1, https://jestjs.io/docs/snapshot-testing

exports[`WhyPolyshape page matches the snapshot 1`] = `
<div>
  <div
    class="prose"
  >
    <h1
      class="hero__title"
    >
      Why PolyShape
    </h1>
    <p>
      Health is complex, dynamic, and ever-evolving. Generalized Health Intelligence must be just as adaptive, capable of taking on many forms to rise holistically and safeguard human well-being. PolyShape embodies this vision: an intelligence that is not singular but multifaceted, fluid, and ever-shaping itself to meet the challenges of health at every level. From early detection to intervention, from mental resilience to scientific discovery, it is an intelligence that learns, evolves, and actsâ€”not as a rigid system, but as a living force designed to augment, protect, and redefine our health reality.
    </p>
  </div>
</div>
`;
